// Jest Snapshot v1, https://goo.gl/fbAQLP

exports[`ssr should return a generated React style element 1`] = `
Object {
  "dangerouslySetInnerHTML": Object {
    "__html": "/* sc-component-id: sc-global-2303210225 */
body{background: papayawhip;}
",
  },
  "data-styled-components": "",
  "data-styled-components-is-local": "false",
  "type": "text/css",
}
`;

exports[`ssr should return a generated React style element 2`] = `
Object {
  "dangerouslySetInnerHTML": Object {
    "__html": "/* sc-component-id: sc-a */
.sc-a {}

.b{color: red;}
",
  },
  "data-styled-components": "b",
  "data-styled-components-is-local": "true",
  "type": "text/css",
}
`;
