// Jest Snapshot v1, https://goo.gl/fbAQLP

exports[`development allows interpolation 1`] = `
"Cannot create styled-component for component: foo.

"
`;

exports[`development returns a rich error 1`] = `
"Can't collect styles once you've consumed a \`ServerStyleSheet\`'s styles! \`ServerStyleSheet\` is a one off instance for each server-side render cycle.

* Are you trying to reuse it across renders?
* Are you accidentally calling collectStyles twice?

"
`;

exports[`production returns an error link 1`] = `"An error occurred. See https://github.com/styled-components/styled-components/blob/master/src/utils/errors.md#2 for more information. Additional arguments: "`;

exports[`production returns an error link with interpolations if given 1`] = `"An error occurred. See https://github.com/styled-components/styled-components/blob/master/src/utils/errors.md#1 for more information. Additional arguments: foo"`;
